// Vitest Snapshot v1, https://vitest.dev/guide/snapshot.html

exports[`lint-format > sku format > errors are fixed: fixableLintError.ts 1`] = `
const foo = () => 'foo';

`;

exports[`lint-format > sku format > errors are fixed: importOrder1.ts 1`] = `
import './reset'; // side-effect imports should stay put

import path from 'path'; //  built-in

import someModule from 'some-module'; // external

import utils from 'src/utils'; // internal

import distantParent from '../../../parent'; // parents
import Parent from '../parent'; // parents

import LocalComponent from './LocalComponent'; // sibling

import myself from '.'; // index

import vanillaStyles from './vanillaStyles.css'; // styles

`;

exports[`lint-format > sku format > errors are fixed: importOrder2.ts 1`] = `
import c from '../c';

import a from './a';
import b from './b';

import aStyle from './a.css';
import bStyle from './b.css';
import cStyle from '../c.css';

`;

exports[`lint-format > sku format > errors are fixed: unformattedFile2.ts 1`] = `
import { something } from 'with-double-quotes';

const indented = 'indented';

const foo = [
  'something "really" long',
  'that has to be moved',
  'to multiple lines',
  "so we can 'test' trailing commas",
];

`;
