// Jest Snapshot v1, https://goo.gl/fbAQLP

exports[`source-maps build should generate the expected files 1`] = `
{
  "238-f02245799f3292b4fda6.js": "CONTENTS IGNORED IN SNAPSHOT TEST",
  "238-f02245799f3292b4fda6.js.map": "CONTENTS IGNORED IN SNAPSHOT TEST",
  "index.html": SCRIPTS: [
    "/static/source-maps/runtime-c4af24a6a23c633bcca3.js",
    "/static/source-maps/238-f02245799f3292b4fda6.js",
    "/static/source-maps/main-0a9e99cbb6bb51d552fd.js",
  ]
CSS: []
SOURCE HTML: <!DOCTYPE html>
<html>
  <head>
    <meta charset="UTF-8">
    <title>
      hello-world
    </title>
    <meta name="viewport"
          content="width=device-width, initial-scale=1"
    >
    <link data-chunk="main"
          rel="preload"
          as="script"
          href="scripts[0]"
    >
    <link data-chunk="main"
          rel="preload"
          as="script"
          href="scripts[1]"
    >
    <link data-chunk="main"
          rel="preload"
          as="script"
          href="scripts[2]"
    >
  </head>
  <body>
    <div id="app">
      <div data-reactroot>
        Hello source maps
      </div>
    </div>
    <script id="__LOADABLE_REQUIRED_CHUNKS__"
            type="application/json"
    >
      []
    </script>
    <script id="__LOADABLE_REQUIRED_CHUNKS___ext"
            type="application/json"
    >
      {"namedChunks":[]}
    </script>
    <script async
            data-chunk="main"
            src="scripts[0]"
    >
    </script>
    <script async
            data-chunk="main"
            src="scripts[1]"
    >
    </script>
    <script async
            data-chunk="main"
            src="scripts[2]"
    >
    </script>
  </body>
</html>,
  "main-0a9e99cbb6bb51d552fd.js": "CONTENTS IGNORED IN SNAPSHOT TEST",
  "main-0a9e99cbb6bb51d552fd.js.map": "CONTENTS IGNORED IN SNAPSHOT TEST",
  "runtime-c4af24a6a23c633bcca3.js": "CONTENTS IGNORED IN SNAPSHOT TEST",
  "runtime-c4af24a6a23c633bcca3.js.map": "CONTENTS IGNORED IN SNAPSHOT TEST",
}
`;
