// Jest Snapshot v1, https://goo.gl/fbAQLP

exports[`library-build build should generate the expected files 1`] = `
{
  "366-a586b0033bd4452aa86e.js": "CONTENTS IGNORED IN SNAPSHOT TEST",
  "683-f95da917178e36045996.js": "CONTENTS IGNORED IN SNAPSHOT TEST",
  "MyLibrary.css": .LfCbsbg {
  color: red;
}
.MyLibrary_1Q__v {
  background-color: #20b2aa;
  color: #fff;
  font-size: 50px;
  padding: 20px;
}
,
  "MyLibrary.js": "CONTENTS IGNORED IN SNAPSHOT TEST",
}
`;

exports[`library-build start should start a development server 1`] = `
SCRIPTS: [
  "/MyLibrary.js",
]
CSS: [
  "/MyLibrary.css",
]
SOURCE HTML: <!DOCTYPE html>
<html>
  <head>
    <meta charset="UTF-8">
    <title>
      My Awesome Project
    </title>
    <meta name="viewport"
          content="width=device-width, initial-scale=1"
    >
    <link rel="stylesheet"
          type="text/css"
          href="styles[0]"
    >
  </head>
  <body>
    <script src="scripts[0]">
    </script>
    <script>
      window.MyLibrary();
    </script>
  </body>
</html>
POST HYDRATE DIFFS: 
     <script>
       window.MyLibrary();
     </script>
+    <div class="styles__root___LfCbsbg MyLibrary_BRAID__styles-customBox_1Q__v">
+      This element was generated by the library
+    </div>
   </body>
 </html>
\\ No newline at end of file

`;
