// Vitest Snapshot v1, https://vitest.dev/guide/snapshot.html

exports[`library-file > build > should generate the expected files 1`] = `
{
  "1.chunk.js": "CONTENTS IGNORED IN SNAPSHOT TEST",
  "1.chunk.js.map": "CONTENTS IGNORED IN SNAPSHOT TEST",
  "2.chunk.js": "CONTENTS IGNORED IN SNAPSHOT TEST",
  "2.chunk.js.map": "CONTENTS IGNORED IN SNAPSHOT TEST",
  "my-library.css": "._1h1dzz60{color:red}

/*# sourceMappingURL=my-library.css.map*/",
  "my-library.css.map": "CONTENTS IGNORED IN SNAPSHOT TEST",
  "my-library.js": "CONTENTS IGNORED IN SNAPSHOT TEST",
  "my-library.js.map": "CONTENTS IGNORED IN SNAPSHOT TEST",
}
`;

exports[`library-file > start > should start a development server 1`] = `
"<!DOCTYPE html>
<html>
  <head>
    <meta charset="UTF-8">
    <title>
      My Awesome Project
    </title>
    <meta
      name="viewport"
      content="width=device-width, initial-scale=1"
    >
    <link
      rel="stylesheet"
      type="text/css"
      href="/my-library.css"
    >
  </head>
  <body>
    <script src="/my-library.js">
    </script>
    <script>
      window.MyLibrary();
    </script>
  </body>
</html>"
POST HYDRATE DIFFS: 
===================================================================
--- sourceHtml
+++ clientHtml
@@ -21,5 +21,8 @@
     <script>
       window.MyLibrary();
     </script>
+    <div class="styles_root__1h1dzz60">
+      This element was generated by the library
+    </div>
   </body>
 </html>
\\ No newline at end of file
`;
