// Vitest Snapshot v1, https://vitest.dev/guide/snapshot.html

exports[`suspense > bundler vite > build and serve > should generate the expected files 1`] = `
{
  "production/au/index.html": SCRIPTS: [
    "/static/suspense/vite-client-C3ajiGUu.js",
  ]
CSS: []
SOURCE HTML: <!DOCTYPE html>
<html>
  <head>
    <meta charset="UTF-8">
    <title>
      hello-world
    </title>
    <meta
      name="viewport"
      content="width=device-width, initial-scale=1"
    >
    <link
      rel="modulepreload"
      href="SCRIPTS[0]"
      crossorigin
    >
  </head>
  <body>
    <div id="app">
      <ul>
        <li>
          todo1
        </li>
        <li>
          todo2
        </li>
        <li>
          todo3
        </li>
      </ul>
    </div>
    <script
      id="__SKU_CLIENT_CONTEXT__"
      type="application/json"
    >
      {"dehydratedState":{"mutations":[],"queries":[{"dehydratedAt":4323283200000,"state":{"data":["todo1","todo2","todo3"],"dataUpdateCount":1,"dataUpdatedAt":4323283200000,"error":null,"errorUpdateCount":0,"errorUpdatedAt":0,"fetchFailureCount":0,"fetchFailureReason":null,"fetchMeta":null,"isInvalidated":false,"status":"success","fetchStatus":"idle"},"queryKey":["todos"],"queryHash":"[\\"todos\\"]"}]},"site":"au"}
    </script>
    <script
      type="module"
      src="SCRIPTS[0]"
    >
    </script>
  </body>
</html>,
  "vite-client-C3ajiGUu.js": "CONTENTS IGNORED IN SNAPSHOT TEST",
  "vite-client-C3ajiGUu.js.map": "CONTENTS IGNORED IN SNAPSHOT TEST",
}
`;

exports[`suspense > bundler vite > build and serve > should return home page 1`] = `
<!DOCTYPE html>
<html>
  <head>
    <meta charset="UTF-8">
    <title>
      hello-world
    </title>
    <meta
      name="viewport"
      content="width=device-width, initial-scale=1"
    >
    <link
      rel="modulepreload"
      href="/static/suspense/vite-client-C3ajiGUu.js"
      crossorigin
    >
  </head>
  <body>
    <div id="app">
      <ul>
        <li>
          todo1
        </li>
        <li>
          todo2
        </li>
        <li>
          todo3
        </li>
      </ul>
    </div>
    <script
      id="__SKU_CLIENT_CONTEXT__"
      type="application/json"
    >
      {"dehydratedState":{"mutations":[],"queries":[{"dehydratedAt":4323283200000,"state":{"data":["todo1","todo2","todo3"],"dataUpdateCount":1,"dataUpdatedAt":4323283200000,"error":null,"errorUpdateCount":0,"errorUpdatedAt":0,"fetchFailureCount":0,"fetchFailureReason":null,"fetchMeta":null,"isInvalidated":false,"status":"success","fetchStatus":"idle"},"queryKey":["todos"],"queryHash":"[\\"todos\\"]"}]},"site":"au"}
    </script>
    <script
      type="module"
      src="/static/suspense/vite-client-C3ajiGUu.js"
    >
    </script>
  </body>
</html>
POST HYDRATE DIFFS: NO DIFF
`;

exports[`suspense > bundler webpack > build and serve > should generate the expected files 1`] = `
{
  "2.js": "CONTENTS IGNORED IN SNAPSHOT TEST",
  "2.js.map": "CONTENTS IGNORED IN SNAPSHOT TEST",
  "main.js": "CONTENTS IGNORED IN SNAPSHOT TEST",
  "main.js.map": "CONTENTS IGNORED IN SNAPSHOT TEST",
  "production/au/index.html": SCRIPTS: [
    "/static/suspense/runtime.js",
    "/static/suspense/2.js",
    "/static/suspense/main.js",
  ]
CSS: []
SOURCE HTML: <!DOCTYPE html>
<html>
  <head>
    <meta charset="UTF-8">
    <title>
      hello-world
    </title>
    <meta
      name="viewport"
      content="width=device-width, initial-scale=1"
    >
    <link
      data-chunk="main"
      rel="preload"
      as="script"
      href="SCRIPTS[0]"
    >
    <link
      data-chunk="main"
      rel="preload"
      as="script"
      href="SCRIPTS[1]"
    >
    <link
      data-chunk="main"
      rel="preload"
      as="script"
      href="SCRIPTS[2]"
    >
  </head>
  <body>
    <div id="app">
      <ul>
        <li>
          todo1
        </li>
        <li>
          todo2
        </li>
        <li>
          todo3
        </li>
      </ul>
    </div>
    <script
      id="__SKU_CLIENT_CONTEXT__"
      type="application/json"
    >
      {"dehydratedState":{"mutations":[],"queries":[{"dehydratedAt":4323283200000,"state":{"data":["todo1","todo2","todo3"],"dataUpdateCount":1,"dataUpdatedAt":4323283200000,"error":null,"errorUpdateCount":0,"errorUpdatedAt":0,"fetchFailureCount":0,"fetchFailureReason":null,"fetchMeta":null,"isInvalidated":false,"status":"success","fetchStatus":"idle"},"queryKey":["todos"],"queryHash":"[\\"todos\\"]"}]},"site":"au"}
    </script>
    <script
      id="__LOADABLE_REQUIRED_CHUNKS__"
      type="application/json"
    >
      []
    </script>
    <script
      id="__LOADABLE_REQUIRED_CHUNKS___ext"
      type="application/json"
    >
      {"namedChunks":[]}
    </script>
    <script
      async
      data-chunk="main"
      src="SCRIPTS[0]"
    >
    </script>
    <script
      async
      data-chunk="main"
      src="SCRIPTS[1]"
    >
    </script>
    <script
      async
      data-chunk="main"
      src="SCRIPTS[2]"
    >
    </script>
  </body>
</html>,
  "runtime.js": "CONTENTS IGNORED IN SNAPSHOT TEST",
  "runtime.js.map": "CONTENTS IGNORED IN SNAPSHOT TEST",
}
`;

exports[`suspense > bundler webpack > build and serve > should return home page 1`] = `
<!DOCTYPE html>
<html>
  <head>
    <meta charset="UTF-8">
    <title>
      hello-world
    </title>
    <meta
      name="viewport"
      content="width=device-width, initial-scale=1"
    >
    <link
      data-chunk="main"
      rel="preload"
      as="script"
      href="/static/suspense/runtime.js"
    >
    <link
      data-chunk="main"
      rel="preload"
      as="script"
      href="/static/suspense/2.js"
    >
    <link
      data-chunk="main"
      rel="preload"
      as="script"
      href="/static/suspense/main.js"
    >
  </head>
  <body>
    <div id="app">
      <ul>
        <li>
          todo1
        </li>
        <li>
          todo2
        </li>
        <li>
          todo3
        </li>
      </ul>
    </div>
    <script
      id="__SKU_CLIENT_CONTEXT__"
      type="application/json"
    >
      {"dehydratedState":{"mutations":[],"queries":[{"dehydratedAt":4323283200000,"state":{"data":["todo1","todo2","todo3"],"dataUpdateCount":1,"dataUpdatedAt":4323283200000,"error":null,"errorUpdateCount":0,"errorUpdatedAt":0,"fetchFailureCount":0,"fetchFailureReason":null,"fetchMeta":null,"isInvalidated":false,"status":"success","fetchStatus":"idle"},"queryKey":["todos"],"queryHash":"[\\"todos\\"]"}]},"site":"au"}
    </script>
    <script
      id="__LOADABLE_REQUIRED_CHUNKS__"
      type="application/json"
    >
      []
    </script>
    <script
      id="__LOADABLE_REQUIRED_CHUNKS___ext"
      type="application/json"
    >
      {"namedChunks":[]}
    </script>
    <script
      async
      data-chunk="main"
      src="/static/suspense/runtime.js"
    >
    </script>
    <script
      async
      data-chunk="main"
      src="/static/suspense/2.js"
    >
    </script>
    <script
      async
      data-chunk="main"
      src="/static/suspense/main.js"
    >
    </script>
  </body>
</html>
POST HYDRATE DIFFS: NO DIFF
`;
