// Vitest Snapshot v1, https://vitest.dev/guide/snapshot.html

exports[`translations > bundler vite > should render en 1`] = `
<!DOCTYPE html>
<html>
  <head>
    <meta charset="UTF-8">
    <title>
      My Awesome Project
    </title>
    <meta
      name="viewport"
      content="width=device-width, initial-scale=1"
    >
    <link
      rel="modulepreload"
      href="/vite-client.js"
      crossorigin
    >
    <link
      rel="modulepreload"
      href="/en-translations.js"
      crossorigin
    >
  </head>
  <body>
    <div id="app">
      <div>
        Hello sku
        Company name
      </div>
    </div>
    <script
      id="__SKU_CLIENT_CONTEXT__"
      type="application/json"
    >
      {"language":"en"}
    </script>
    <script
      type="module"
      src="/en-translations.js"
    >
    </script>
    <script
      type="module"
      src="/vite-client.js"
    >
    </script>
  </body>
</html>
POST HYDRATE DIFFS: 
===================================================================
--- sourceHtml
+++ clientHtml
@@ -23,8 +23,7 @@
   <body>
     <div id="app">
       <div>
-        Hello sku
-        Company name
+        Hello sku Company name
       </div>
     </div>
     <script
`;

exports[`translations > bundler vite > should render en-PSEUDO post-hydration 1`] = `
<!DOCTYPE html>
<html>
  <head>
    <meta charset="UTF-8">
    <title>
      My Awesome Project
    </title>
    <meta
      name="viewport"
      content="width=device-width, initial-scale=1"
    >
    <link
      rel="modulepreload"
      href="/vite-client.js"
      crossorigin
    >
    <link
      rel="modulepreload"
      href="/en-translations.js"
      crossorigin
    >
  </head>
  <body>
    <div id="app">
      <div>
        Hello sku
        Company name
      </div>
    </div>
    <script
      id="__SKU_CLIENT_CONTEXT__"
      type="application/json"
    >
      {"language":"en"}
    </script>
    <script
      type="module"
      src="/en-translations.js"
    >
    </script>
    <script
      type="module"
      src="/vite-client.js"
    >
    </script>
  </body>
</html>
POST HYDRATE DIFFS: 
===================================================================
--- sourceHtml
+++ clientHtml
@@ -23,8 +23,7 @@
   <body>
     <div id="app">
       <div>
-        Hello sku
-        Company name
+        [Ḩẽẽẽƚƚööö šķǚǚǚ] [Çööm̂ƥăăกี้ýý กี้ăăm̂ẽẽ]
       </div>
     </div>
     <script
`;

exports[`translations > bundler vite > should render fr 1`] = `
<!DOCTYPE html>
<html>
  <head>
    <meta charset="UTF-8">
    <title>
      My Awesome Project
    </title>
    <meta
      name="viewport"
      content="width=device-width, initial-scale=1"
    >
    <link
      rel="modulepreload"
      href="/vite-client.js"
      crossorigin
    >
    <link
      rel="modulepreload"
      href="/fr-translations.js"
      crossorigin
    >
  </head>
  <body>
    <div id="app">
      <div>
        Bonjour sku
        บริษัท
      </div>
    </div>
    <script
      id="__SKU_CLIENT_CONTEXT__"
      type="application/json"
    >
      {"language":"fr"}
    </script>
    <script
      type="module"
      src="/fr-translations.js"
    >
    </script>
    <script
      type="module"
      src="/vite-client.js"
    >
    </script>
  </body>
</html>
POST HYDRATE DIFFS: 
===================================================================
--- sourceHtml
+++ clientHtml
@@ -23,8 +23,7 @@
   <body>
     <div id="app">
       <div>
-        Bonjour sku
-        บริษัท
+        Bonjour sku บริษัท
       </div>
     </div>
     <script
`;

exports[`translations > bundler vite > should support query parameters 1`] = `
<!DOCTYPE html>
<html>
  <head>
    <meta charset="UTF-8">
    <title>
      My Awesome Project
    </title>
    <meta
      name="viewport"
      content="width=device-width, initial-scale=1"
    >
    <link
      rel="modulepreload"
      href="/vite-client.js"
      crossorigin
    >
    <link
      rel="modulepreload"
      href="/en-translations.js"
      crossorigin
    >
  </head>
  <body>
    <div id="app">
      <div>
        Hello sku
        Company name
      </div>
    </div>
    <script
      id="__SKU_CLIENT_CONTEXT__"
      type="application/json"
    >
      {"language":"en"}
    </script>
    <script
      type="module"
      src="/en-translations.js"
    >
    </script>
    <script
      type="module"
      src="/vite-client.js"
    >
    </script>
  </body>
</html>
POST HYDRATE DIFFS: 
===================================================================
--- sourceHtml
+++ clientHtml
@@ -23,8 +23,7 @@
   <body>
     <div id="app">
       <div>
-        Hello sku
-        Company name
+        Hello sku Company name
       </div>
     </div>
     <script
`;

exports[`translations > bundler webpack > should render en 1`] = `
<!DOCTYPE html>
<html>
  <head>
    <meta charset="UTF-8">
    <title>
      My Awesome Project
    </title>
    <meta
      name="viewport"
      content="width=device-width, initial-scale=1"
    >
    <link
      data-chunk="main"
      rel="preload"
      as="script"
      href="/runtime.js"
    >
    <link
      data-chunk="main"
      rel="preload"
      as="script"
      href="/5.js"
    >
    <link
      data-chunk="main"
      rel="preload"
      as="script"
      href="/main.js"
    >
    <link
      data-chunk="en-translations"
      rel="preload"
      as="script"
      href="/en-translations.chunk.js"
    >
  </head>
  <body>
    <div id="app">
      <div>
        Hello sku
        Company name
      </div>
    </div>
    <script
      id="__SKU_CLIENT_CONTEXT__"
      type="application/json"
    >
      {"language":"en"}
    </script>
    <script
      id="__LOADABLE_REQUIRED_CHUNKS__"
      type="application/json"
    >
      [1]
    </script>
    <script
      id="__LOADABLE_REQUIRED_CHUNKS___ext"
      type="application/json"
    >
      {"namedChunks":["en-translations"]}
    </script>
    <script
      async
      data-chunk="main"
      src="/runtime.js"
    >
    </script>
    <script
      async
      data-chunk="main"
      src="/5.js"
    >
    </script>
    <script
      async
      data-chunk="main"
      src="/main.js"
    >
    </script>
    <script
      async
      data-chunk="en-translations"
      src="/en-translations.chunk.js"
    >
    </script>
  </body>
</html>
POST HYDRATE DIFFS: NO DIFF
`;

exports[`translations > bundler webpack > should render en-PSEUDO post-hydration 1`] = `
<!DOCTYPE html>
<html>
  <head>
    <meta charset="UTF-8">
    <title>
      My Awesome Project
    </title>
    <meta
      name="viewport"
      content="width=device-width, initial-scale=1"
    >
    <link
      data-chunk="main"
      rel="preload"
      as="script"
      href="/runtime.js"
    >
    <link
      data-chunk="main"
      rel="preload"
      as="script"
      href="/5.js"
    >
    <link
      data-chunk="main"
      rel="preload"
      as="script"
      href="/main.js"
    >
    <link
      data-chunk="en-translations"
      rel="preload"
      as="script"
      href="/en-translations.chunk.js"
    >
  </head>
  <body>
    <div id="app">
      <div>
        Hello sku
        Company name
      </div>
    </div>
    <script
      id="__SKU_CLIENT_CONTEXT__"
      type="application/json"
    >
      {"language":"en"}
    </script>
    <script
      id="__LOADABLE_REQUIRED_CHUNKS__"
      type="application/json"
    >
      [1]
    </script>
    <script
      id="__LOADABLE_REQUIRED_CHUNKS___ext"
      type="application/json"
    >
      {"namedChunks":["en-translations"]}
    </script>
    <script
      async
      data-chunk="main"
      src="/runtime.js"
    >
    </script>
    <script
      async
      data-chunk="main"
      src="/5.js"
    >
    </script>
    <script
      async
      data-chunk="main"
      src="/main.js"
    >
    </script>
    <script
      async
      data-chunk="en-translations"
      src="/en-translations.chunk.js"
    >
    </script>
  </body>
</html>
POST HYDRATE DIFFS: 
===================================================================
--- sourceHtml
+++ clientHtml
@@ -37,8 +37,7 @@
   <body>
     <div id="app">
       <div>
-        Hello sku
-        Company name
+        [Ḩẽẽẽƚƚööö šķǚǚǚ] [Çööm̂ƥăăกี้ýý กี้ăăm̂ẽẽ]
       </div>
     </div>
     <script
`;

exports[`translations > bundler webpack > should render fr 1`] = `
<!DOCTYPE html>
<html>
  <head>
    <meta charset="UTF-8">
    <title>
      My Awesome Project
    </title>
    <meta
      name="viewport"
      content="width=device-width, initial-scale=1"
    >
    <link
      data-chunk="main"
      rel="preload"
      as="script"
      href="/runtime.js"
    >
    <link
      data-chunk="main"
      rel="preload"
      as="script"
      href="/5.js"
    >
    <link
      data-chunk="main"
      rel="preload"
      as="script"
      href="/main.js"
    >
    <link
      data-chunk="fr-translations"
      rel="preload"
      as="script"
      href="/fr-translations.chunk.js"
    >
  </head>
  <body>
    <div id="app">
      <div>
        Bonjour sku
        บริษัท
      </div>
    </div>
    <script
      id="__SKU_CLIENT_CONTEXT__"
      type="application/json"
    >
      {"language":"fr"}
    </script>
    <script
      id="__LOADABLE_REQUIRED_CHUNKS__"
      type="application/json"
    >
      [2]
    </script>
    <script
      id="__LOADABLE_REQUIRED_CHUNKS___ext"
      type="application/json"
    >
      {"namedChunks":["fr-translations"]}
    </script>
    <script
      async
      data-chunk="main"
      src="/runtime.js"
    >
    </script>
    <script
      async
      data-chunk="main"
      src="/5.js"
    >
    </script>
    <script
      async
      data-chunk="main"
      src="/main.js"
    >
    </script>
    <script
      async
      data-chunk="fr-translations"
      src="/fr-translations.chunk.js"
    >
    </script>
  </body>
</html>
POST HYDRATE DIFFS: NO DIFF
`;

exports[`translations > bundler webpack > should support query parameters 1`] = `
<!DOCTYPE html>
<html>
  <head>
    <meta charset="UTF-8">
    <title>
      My Awesome Project
    </title>
    <meta
      name="viewport"
      content="width=device-width, initial-scale=1"
    >
    <link
      data-chunk="main"
      rel="preload"
      as="script"
      href="/runtime.js"
    >
    <link
      data-chunk="main"
      rel="preload"
      as="script"
      href="/5.js"
    >
    <link
      data-chunk="main"
      rel="preload"
      as="script"
      href="/main.js"
    >
    <link
      data-chunk="en-translations"
      rel="preload"
      as="script"
      href="/en-translations.chunk.js"
    >
  </head>
  <body>
    <div id="app">
      <div>
        Hello sku
        Company name
      </div>
    </div>
    <script
      id="__SKU_CLIENT_CONTEXT__"
      type="application/json"
    >
      {"language":"en"}
    </script>
    <script
      id="__LOADABLE_REQUIRED_CHUNKS__"
      type="application/json"
    >
      [1]
    </script>
    <script
      id="__LOADABLE_REQUIRED_CHUNKS___ext"
      type="application/json"
    >
      {"namedChunks":["en-translations"]}
    </script>
    <script
      async
      data-chunk="main"
      src="/runtime.js"
    >
    </script>
    <script
      async
      data-chunk="main"
      src="/5.js"
    >
    </script>
    <script
      async
      data-chunk="main"
      src="/main.js"
    >
    </script>
    <script
      async
      data-chunk="en-translations"
      src="/en-translations.chunk.js"
    >
    </script>
  </body>
</html>
POST HYDRATE DIFFS: NO DIFF
`;
