// Jest Snapshot v1, https://goo.gl/fbAQLP

exports[`public path build and serve should create valid app with no unresolved resources 1`] = `
SCRIPTS: [
  "/static/runtime-df7fc58286eea709736e.js",
  "/static/238-eb3ffcfc256ba2aeca3a.js",
  "/static/main-d210e587fc8a40527120.js",
]
CSS: [
  "/static/main-c06e2768c0d8ec21c207.css",
]
SOURCE HTML: <!DOCTYPE html>
<html>
  <head>
    <meta charset="UTF-8">
    <title>
      hello-world
    </title>
    <meta name="viewport"
          content="width=device-width, initial-scale=1"
    >
    <link data-chunk="main"
          rel="stylesheet"
          href="styles[0]"
    >
    <link data-chunk="main"
          rel="preload"
          as="script"
          href="scripts[0]"
    >
    <link data-chunk="main"
          rel="preload"
          as="script"
          href="scripts[1]"
    >
    <link data-chunk="main"
          rel="preload"
          as="script"
          href="scripts[2]"
    >
  </head>
  <body>
    <div id="app">
      <div class="_7wCPnF3">
      </div>
    </div>
    <script id="__LOADABLE_REQUIRED_CHUNKS__"
            type="application/json"
    >
      []
    </script>
    <script id="__LOADABLE_REQUIRED_CHUNKS___ext"
            type="application/json"
    >
      {"namedChunks":[]}
    </script>
    <script async
            data-chunk="main"
            src="scripts[0]"
    >
    </script>
    <script async
            data-chunk="main"
            src="scripts[1]"
    >
    </script>
    <script async
            data-chunk="main"
            src="scripts[2]"
    >
    </script>
  </body>
</html>
POST HYDRATE DIFFS: NO DIFF
`;
