// Jest Snapshot v1, https://goo.gl/fbAQLP

exports[`library-file build should generate the expected files 1`] = `
{
  "161-c28a27d2bffe342554e3.js": "CONTENTS IGNORED IN SNAPSHOT TEST",
  "663-908832b5cabbdf610215.js": "CONTENTS IGNORED IN SNAPSHOT TEST",
  "my-library.css": .LfCbsbg {
  color: red;
}
.MyLibrary_llPTb {
  background-color: #20b2aa;
  color: #fff;
  font-size: 50px;
  padding: 20px;
}
,
  "my-library.js": "CONTENTS IGNORED IN SNAPSHOT TEST",
}
`;

exports[`library-file start should start a development server 1`] = `
SCRIPTS: [
  "/my-library.js",
]
CSS: [
  "/my-library.css",
]
SOURCE HTML: <!DOCTYPE html>
<html>
  <head>
    <meta charset="UTF-8">
    <title>
      My Awesome Project
    </title>
    <meta
      name="viewport"
      content="width=device-width, initial-scale=1"
    >
    <link
      rel="stylesheet"
      type="text/css"
      href="styles[0]"
    >
  </head>
  <body>
    <script src="scripts[0]">
    </script>
    <script>
      window.MyLibrary();
    </script>
  </body>
</html>
POST HYDRATE DIFFS: 
     <script>
       window.MyLibrary();
     </script>
+    <div class="styles__root___LfCbsbg MyLibrary_BRAID__styles-customBox_llPTb">
+      This element was generated by the library
+    </div>
   </body>
 </html>
\\ No newline at end of file

`;
