// Jest Snapshot v1, https://goo.gl/fbAQLP

exports[`public path build and serve should create valid app with no unresolved resources 1`] = `
SCRIPTS: [
  "/static/runtime.js",
  "/static/2.js",
  "/static/main.js",
]
CSS: [
  "/static/main-adb7247c0c8cd4e8d7fe.css",
]
SOURCE HTML: <!DOCTYPE html>
<html>
  <head>
    <meta charset="UTF-8">
    <title>
      hello-world
    </title>
    <meta
      name="viewport"
      content="width=device-width, initial-scale=1"
    >
    <link
      data-chunk="main"
      rel="stylesheet"
      href="styles[0]"
    >
    <link
      data-chunk="main"
      rel="preload"
      as="script"
      href="scripts[0]"
    >
    <link
      data-chunk="main"
      rel="preload"
      as="script"
      href="scripts[1]"
    >
    <link
      data-chunk="main"
      rel="preload"
      as="script"
      href="scripts[2]"
    >
  </head>
  <body>
    <div id="app">
      <div class="_1eysbi80">
      </div>
    </div>
    <script
      id="__LOADABLE_REQUIRED_CHUNKS__"
      type="application/json"
    >
      []
    </script>
    <script
      id="__LOADABLE_REQUIRED_CHUNKS___ext"
      type="application/json"
    >
      {"namedChunks":[]}
    </script>
    <script
      async
      data-chunk="main"
      src="scripts[0]"
    >
    </script>
    <script
      async
      data-chunk="main"
      src="scripts[1]"
    >
    </script>
    <script
      async
      data-chunk="main"
      src="scripts[2]"
    >
    </script>
  </body>
</html>
POST HYDRATE DIFFS: NO DIFF
`;
