// Vitest Snapshot v1, https://vitest.dev/guide/snapshot.html

exports[`sku-with-https > bundler: vite > start > should start a development server 1`] = `
"<!DOCTYPE html>
<html>
  <head>
    <meta
      http-equiv="Content-Security-Policy"
      content="script-src 'self' https://some-cdn.com 'sha256-Z2/iFzh9VMlVkEOar1f/oSHWwQk3ve1qk/C2WdsC4Xk=';"
    >
    <script type="module">
      import { injectIntoGlobalHook } from "/@react-refresh";
injectIntoGlobalHook(window);
window.$RefreshReg$ = () => {};
window.$RefreshSig$ = () => (type) => type;
    </script>
    <script
      type="module"
      src="/@vite/client"
    >
    </script>
    <meta charset="UTF-8">
    <title>
      hello-world
    </title>
    <meta
      name="viewport"
      content="width=device-width, initial-scale=1"
    >
    <script
      type="module"
      src="/@id/__x00__/index.html?html-proxy&index=0.js"
    >
    </script>
    <script
      type="module"
      src="/@id/__x00__/index.html?html-proxy&index=1.js"
    >
    </script>
  </head>
  <body>
    <div id="app">
      <link
        rel="preload"
        as="image"
        href="/src/logo.png"
      >
      <div class="styles_root__2vdre50">
        <div class="styles_nested__2vdre51">
          Initial
        </div>
        <img src="/src/logo.png">
      </div>
    </div>
    <script
      type="module"
      src="{cwd}/packages/sku/dist/services/vite/entries/vite-client.js"
    >
    </script>
  </body>
</html>"
POST HYDRATE DIFFS: 
===================================================================
--- sourceHtml
+++ clientHtml
@@ -26,14 +26,25 @@
     >
     <script
       type="module"
-      src="/@id/__x00__/index.html?html-proxy&index=0.js"
+      src="/@id/__x00__/index.html?html-proxy&amp;index=0.js"
     >
     </script>
     <script
       type="module"
-      src="/@id/__x00__/index.html?html-proxy&index=1.js"
+      src="/@id/__x00__/index.html?html-proxy&amp;index=1.js"
     >
     </script>
+    <style
+      type="text/css"
+      data-vite-dev-id="{cwd}/fixtures/sku-with-https/src/styles.css.js.vanilla.css"
+    >
+      .styles_root__2vdre50 {
+  display: flex;
+}
+.styles_root__2vdre50 .styles_nested__2vdre51 {
+  font-size: 32px;
+}
+    </style>
   </head>
   <body>
     <div id="app">
@@ -44,7 +55,7 @@
       >
       <div class="styles_root__2vdre50">
         <div class="styles_nested__2vdre51">
-          Initial
+          Client
         </div>
         <img src="/src/logo.png">
       </div>
`;

exports[`sku-with-https > bundler: vite > start > should support the supplied middleware 1`] = `
"OK"
POST HYDRATE DIFFS: 
===================================================================
--- sourceHtml
+++ clientHtml
@@ -1,1 +1,13 @@
-OK
\\ No newline at end of file
+<html>
+  <head>
+    <meta
+      name="color-scheme"
+      content="light dark"
+    >
+  </head>
+  <body>
+    <pre style="word-wrap: break-word; white-space: pre-wrap;">
+      OK
+    </pre>
+  </body>
+</html>
\\ No newline at end of file
`;

exports[`sku-with-https > bundler: webpack > start > should start a development server 1`] = `
"<!DOCTYPE html>
<html>
  <head>
    <meta
      http-equiv="Content-Security-Policy"
      content="script-src 'self' https://some-cdn.com 'unsafe-eval';"
    >
    <meta charset="UTF-8">
    <title>
      hello-world
    </title>
    <meta
      name="viewport"
      content="width=device-width, initial-scale=1"
    >
    <link
      data-chunk="main"
      rel="stylesheet"
      href="/main.css"
    >
    <link
      data-chunk="main"
      rel="preload"
      as="script"
      href="/runtime.js"
    >
    <link
      data-chunk="main"
      rel="preload"
      as="script"
      href="/2.js"
    >
    <link
      data-chunk="main"
      rel="preload"
      as="script"
      href="/main.js"
    >
  </head>
  <body>
    <div id="app">
      <link
        rel="preload"
        as="image"
        href="/a85d2645cc4d80a20b5b.png"
      >
      <div class="styles_root__2vdre50">
        <div class="styles_nested__2vdre51">
          Initial
        </div>
        <img src="/a85d2645cc4d80a20b5b.png">
      </div>
    </div>
    <script
      id="__LOADABLE_REQUIRED_CHUNKS__"
      type="application/json"
    >
      []
    </script>
    <script
      id="__LOADABLE_REQUIRED_CHUNKS___ext"
      type="application/json"
    >
      {"namedChunks":[]}
    </script>
    <script
      async
      data-chunk="main"
      src="/runtime.js"
    >
    </script>
    <script
      async
      data-chunk="main"
      src="/2.js"
    >
    </script>
    <script
      async
      data-chunk="main"
      src="/main.js"
    >
    </script>
  </body>
</html>"
POST HYDRATE DIFFS: 
===================================================================
--- sourceHtml
+++ clientHtml
@@ -46,7 +46,7 @@
       >
       <div class="styles_root__2vdre50">
         <div class="styles_nested__2vdre51">
-          Initial
+          Client
         </div>
         <img src="/a85d2645cc4d80a20b5b.png">
       </div>
`;

exports[`sku-with-https > bundler: webpack > start > should support the supplied middleware 1`] = `
"OK"
POST HYDRATE DIFFS: 
===================================================================
--- sourceHtml
+++ clientHtml
@@ -1,1 +1,7 @@
-OK
\\ No newline at end of file
+<html>
+  <head>
+  </head>
+  <body>
+    OK
+  </body>
+</html>
\\ No newline at end of file
`;

exports[`sku-with-https > serve > should start a development server 1`] = `
"<!DOCTYPE html>
<html>
  <head>
    <meta
      http-equiv="Content-Security-Policy"
      content="script-src 'self' https://some-cdn.com;"
    >
    <meta charset="UTF-8">
    <title>
      hello-world
    </title>
    <meta
      name="viewport"
      content="width=device-width, initial-scale=1"
    >
    <link
      data-chunk="main"
      rel="stylesheet"
      href="/main-20b517520995ff660440.css"
    >
    <link
      data-chunk="main"
      rel="preload"
      as="script"
      href="/runtime.js"
    >
    <link
      data-chunk="main"
      rel="preload"
      as="script"
      href="/2.js"
    >
    <link
      data-chunk="main"
      rel="preload"
      as="script"
      href="/main.js"
    >
  </head>
  <body>
    <div id="app">
      <link
        rel="preload"
        as="image"
        href="/a85d2645cc4d80a20b5b.png"
      >
      <div class="_2vdre50">
        <div class="_2vdre51">
          Initial
        </div>
        <img src="/a85d2645cc4d80a20b5b.png">
      </div>
    </div>
    <script
      id="__LOADABLE_REQUIRED_CHUNKS__"
      type="application/json"
    >
      []
    </script>
    <script
      id="__LOADABLE_REQUIRED_CHUNKS___ext"
      type="application/json"
    >
      {"namedChunks":[]}
    </script>
    <script
      async
      data-chunk="main"
      src="/runtime.js"
    >
    </script>
    <script
      async
      data-chunk="main"
      src="/2.js"
    >
    </script>
    <script
      async
      data-chunk="main"
      src="/main.js"
    >
    </script>
  </body>
</html>"
POST HYDRATE DIFFS: 
===================================================================
--- sourceHtml
+++ clientHtml
@@ -46,7 +46,7 @@
       >
       <div class="_2vdre50">
         <div class="_2vdre51">
-          Initial
+          Client
         </div>
         <img src="/a85d2645cc4d80a20b5b.png">
       </div>
`;

exports[`sku-with-https > serve > should support the supplied middleware 1`] = `
"OK"
POST HYDRATE DIFFS: 
===================================================================
--- sourceHtml
+++ clientHtml
@@ -1,1 +1,7 @@
-OK
\\ No newline at end of file
+<html>
+  <head>
+  </head>
+  <body>
+    OK
+  </body>
+</html>
\\ No newline at end of file
`;

exports[`sku-with-https > start-ssr > should support the supplied middleware 1`] = `
"OK"
POST HYDRATE DIFFS: 
===================================================================
--- sourceHtml
+++ clientHtml
@@ -1,1 +1,7 @@
-OK
\\ No newline at end of file
+<html>
+  <head>
+  </head>
+  <body>
+    OK
+  </body>
+</html>
\\ No newline at end of file
`;
