// Jest Snapshot v1, https://goo.gl/fbAQLP

exports[`sku-test should pass through unknown flags to jest 1`] = `
"sku/fixtures/sku-test/src/index.test.ts
"
`;
