// Jest Snapshot v1, https://goo.gl/fbAQLP

exports[`seek-style-guide should generate the expected files 1`] = `
{
  "357-7cc030350dd5c7b98997.js": "CONTENTS IGNORED IN SNAPSHOT TEST",
  "externals.json": "[
  "crypto",
  "fs",
  "os",
  "path",
  "stream",
  "tty",
  "url",
  "util"
]",
  "index.html": SCRIPTS: [
    "/runtime-809e1ad97457d5b9bab0.js",
    "/357-7cc030350dd5c7b98997.js",
    "/main-843ae8ea7a42314d1131.js",
  ]
CSS: [
    "/main-ca737daf014d432d7b9d.css",
  ]
SOURCE HTML: <!DOCTYPE html>
<html>
  <head>
    <meta charset="UTF-8">
    <title>
      My Awesome Project
    </title>
    <meta name="viewport"
          content="width=device-width, initial-scale=1"
    >
    <link data-chunk="main"
          rel="stylesheet"
          href="styles[0]"
    >
    <link data-chunk="main"
          rel="preload"
          as="script"
          href="scripts[0]"
    >
    <link data-chunk="main"
          rel="preload"
          as="script"
          href="scripts[1]"
    >
    <link data-chunk="main"
          rel="preload"
          as="script"
          href="scripts[2]"
    >
  </head>
  <body>
    <div id="app">
      <div class="WPxrZ0_">
        <div class="b7gb9q9">
          <h1>
            SEEK - Australia&#x27;s no. 1 jobs, employment, career and recruitment site
          </h1>
        </div>
        <div class>
          <div class="IzfAxQf">
            <span class="Jjq6UT2 qjSF61v vvwPOvq">
              <span class>
                <span data-automation-svg="true">
                  <span class="uHQFAnY">
                    <svg class="ktKBuYs"
                         xmlns="http://www.w3.org/2000/svg"
                         width="16"
                         height="16"
                         viewbox="0 0 1024 900"
                         focusable="false"
                    >
                      <path d="M718 188q11 0 22 1.5t22 4.5q16 4 30.5 12t28.5 19q15 13 27 28t21 34h1l3 7q13 27 20 59.5t7 68.5v3q0 15-4.5 32.5T881 496q-11 24-26 47.5T821 590q-39 48-85.5 94T636 774q-46 38-85 67.5T480 891q-31-20-70-49.5T325 774h-1q-52-43-98.5-89T139 590q-19-23-34-46.5T79 496q-10-21-14.5-38.5T60 425v-3q0-37 7-69.5T87 293h1q0-2 1-3.5t2-3.5q10-18 21.5-33t26.5-28q14-11 28.5-19t30.5-12q11-3 22.5-4.5T242 188q24 0 45.5 7t43.5 21q15 9 28 21t24 26q12 15 22.5 32.5T425 333l56 129 54-129q9-20 19-37t22-32q11-14 24.5-26t28.5-22h1q21-14 43-21t45-7zm0-60q-32 0-62 9.5T597 165q-38 25-67.5 61T480 309q-21-47-50-83t-66-61q-29-18-59.5-27.5T242 128q-14 0-29 2t-30 6q-22 6-43 16.5T100 179t-34.5 36T38 259q-1 1-1.5 2t-.5 2l-2 2v1q-17 34-25.5 73T0 422v2q0 22 6 46t19 51q12 27 29 54t39 53q42 52 90.5 100T286 820q49 41 90 71.5t74 51.5q14 9 21.5 13.5t8.5 4.5q1 0 8.5-4.5T510 944q33-22 74-53t90-70q55-46 103.5-94t89.5-99q22-26 39-52.5t29-53.5q13-27 19-51.5t6-46.5v-2q-1-44-9-83t-24-72l-4-8q-13-24-28.5-43.5T860 180t-39.5-27-43.5-17q-15-4-30-6t-29-2z">
                      </path>
                    </svg>
                  </span>
                </span>
                <span data-automation-text="true">
                  Hello world!
                </span>
              </span>
            </span>
          </div>
        </div>
      </div>
    </div>
    <script id="__LOADABLE_REQUIRED_CHUNKS__"
            type="application/json"
    >
      []
    </script>
    <script id="__LOADABLE_REQUIRED_CHUNKS___ext"
            type="application/json"
    >
      {"namedChunks":[]}
    </script>
    <script async
            data-chunk="main"
            src="scripts[0]"
    >
    </script>
    <script async
            data-chunk="main"
            src="scripts[1]"
    >
    </script>
    <script async
            data-chunk="main"
            src="scripts[2]"
    >
    </script>
  </body>
</html>,
  "main-843ae8ea7a42314d1131.js": "CONTENTS IGNORED IN SNAPSHOT TEST",
  "main-ca737daf014d432d7b9d.css": a,
abbr,
acronym,
address,
applet,
article,
aside,
audio,
b,
big,
blockquote,
body,
canvas,
caption,
center,
cite,
code,
dd,
del,
details,
dfn,
div,
dl,
dt,
em,
embed,
fieldset,
figcaption,
figure,
footer,
form,
h1,
h2,
h3,
h4,
h5,
h6,
header,
hgroup,
html,
i,
iframe,
img,
ins,
kbd,
label,
legend,
li,
mark,
menu,
nav,
object,
ol,
output,
p,
pre,
q,
ruby,
s,
samp,
section,
small,
span,
strike,
strong,
sub,
summary,
sup,
table,
tbody,
td,
tfoot,
th,
thead,
time,
tr,
tt,
u,
ul,
var,
video {
  border: 0;
  font-size: 100%;
  font: inherit;
  margin: 0;
  padding: 0;
  vertical-align: baseline;
}
article,
aside,
details,
figcaption,
figure,
footer,
header,
hgroup,
menu,
nav,
section {
  display: block;
}
body {
  line-height: 1;
}
ol,
ul {
  list-style: none;
}
blockquote,
q {
  quotes: none;
}
blockquote:after,
blockquote:before,
q:after,
q:before {
  content: "";
  content: none;
}
table {
  border-collapse: collapse;
  border-spacing: 0;
}
mark {
  background-color: transparent;
  color: inherit;
}
html {
  min-height: 100%;
}
.WPxrZ0_,
html {
  background-color: #eee;
}
.WPxrZ0_ {
  -webkit-font-smoothing: antialiased;
  -moz-osx-font-smoothing: grayscale;
  box-sizing: border-box;
  color: #1c1c1c;
  font-family: Roboto, Helvetica Neue, HelveticaNeue, Helvetica, Arial,
    sans-serif;
  font-size: 10px;
}
.WPxrZ0_ *,
.WPxrZ0_ :after,
.WPxrZ0_ :before {
  -webkit-tap-highlight-color: rgba(0, 0, 0, 0);
  -webkit-tap-highlight-color: transparent;
  box-sizing: inherit;
  font-family: inherit;
}
.WPxrZ0_ input[type="search"]::-webkit-search-decoration {
  -webkit-appearance: none;
}
.vlbXW5h {
  height: 100%;
}
.b7gb9q9 {
  clip: rect(1px, 1px, 1px, 1px);
  pointer-events: none;
  position: absolute !important;
}
.IzfAxQf {
  margin: 0 auto;
  max-width: 940px;
}
.Jjq6UT2 {
  display: block;
  padding-bottom: 12px;
}
.Jjq6UT2 .Jjq6UT2 {
  outline: 2px solid red;
  position: relative;
}
.Jjq6UT2 .Jjq6UT2:after {
  background: red;
  color: #fff;
  content: "ERROR: Multiple <Text> components nested";
  font-weight: 700;
  padding: 0 20px;
  position: absolute;
  right: 0;
  top: 0;
}
.qjSF61v {
  padding-bottom: 6px;
}
@media only screen and (max-width: 739px) {
  .qjSF61v:not(.vvwPOvq) {
    font-size: 16px;
    font-weight: 400;
    line-height: 24px;
  }
}
@media only screen and (min-width: 740px) {
  .qjSF61v:not(.vvwPOvq) {
    font-size: 16px;
    font-weight: 400;
    line-height: 24px;
  }
}
@media only screen and (max-width: 739px) {
  .qjSF61v.vvwPOvq {
    font-size: 16px;
    font-weight: 400;
    line-height: 24px;
    transform: translateY(0.41em);
  }
}
@media only screen and (min-width: 740px) {
  .qjSF61v.vvwPOvq {
    font-size: 16px;
    font-weight: 400;
    line-height: 24px;
    transform: translateY(0.41em);
  }
}
.ANQ_5ly {
  padding-bottom: 6px;
}
@media only screen and (max-width: 739px) {
  .ANQ_5ly:not(.vvwPOvq) {
    font-size: 14px;
    font-weight: 400;
    line-height: 18px;
  }
}
@media only screen and (min-width: 740px) {
  .ANQ_5ly:not(.vvwPOvq) {
    font-size: 14px;
    font-weight: 400;
    line-height: 18px;
  }
}
@media only screen and (max-width: 739px) {
  .ANQ_5ly.vvwPOvq {
    font-size: 14px;
    font-weight: 400;
    line-height: 18px;
    transform: translateY(0.30285714em);
  }
}
@media only screen and (min-width: 740px) {
  .ANQ_5ly.vvwPOvq {
    font-size: 14px;
    font-weight: 400;
    line-height: 18px;
    transform: translateY(0.30285714em);
  }
}
.CF6r4BU {
  padding-bottom: 6px;
}
@media only screen and (max-width: 739px) {
  .CF6r4BU:not(.vvwPOvq) {
    font-size: 18px;
    font-weight: 400;
    line-height: 30px;
  }
}
@media only screen and (min-width: 740px) {
  .CF6r4BU:not(.vvwPOvq) {
    font-size: 18px;
    font-weight: 400;
    line-height: 30px;
  }
}
@media only screen and (max-width: 739px) {
  .CF6r4BU.vvwPOvq {
    font-size: 18px;
    font-weight: 400;
    line-height: 30px;
    transform: translateY(0.49333333em);
  }
}
@media only screen and (min-width: 740px) {
  .CF6r4BU.vvwPOvq {
    font-size: 18px;
    font-weight: 400;
    line-height: 30px;
    transform: translateY(0.49333333em);
  }
}
@media only screen and (max-width: 739px) {
  .A95F7zl:not(.vvwPOvq) {
    font-size: 18px;
    font-weight: 700;
    line-height: 24px;
  }
}
@media only screen and (min-width: 740px) {
  .A95F7zl:not(.vvwPOvq) {
    font-size: 18px;
    font-weight: 700;
    line-height: 24px;
  }
}
@media only screen and (max-width: 739px) {
  .A95F7zl.vvwPOvq {
    font-size: 18px;
    font-weight: 700;
    line-height: 24px;
    transform: translateY(0.32666667em);
  }
}
@media only screen and (min-width: 740px) {
  .A95F7zl.vvwPOvq {
    font-size: 18px;
    font-weight: 700;
    line-height: 24px;
    transform: translateY(0.32666667em);
  }
}
@media only screen and (max-width: 739px) {
  .FLQouK5:not(.vvwPOvq) {
    font-size: 21px;
    font-weight: 700;
    line-height: 30px;
  }
}
@media only screen and (min-width: 740px) {
  .FLQouK5:not(.vvwPOvq) {
    font-size: 28px;
    font-weight: 700;
    line-height: 36px;
  }
}
@media only screen and (max-width: 739px) {
  .FLQouK5.vvwPOvq {
    font-size: 21px;
    font-weight: 700;
    line-height: 30px;
    transform: translateY(0.37428571em);
  }
}
@media only screen and (min-width: 740px) {
  .FLQouK5.vvwPOvq {
    font-size: 28px;
    font-weight: 700;
    line-height: 36px;
    transform: translateY(0.30285714em);
  }
}
@media only screen and (max-width: 739px) {
  .mHexMNf:not(.vvwPOvq) {
    font-size: 21px;
    font-weight: 700;
    line-height: 30px;
  }
}
@media only screen and (min-width: 740px) {
  .mHexMNf:not(.vvwPOvq) {
    font-size: 22px;
    font-weight: 700;
    line-height: 30px;
  }
}
@media only screen and (max-width: 739px) {
  .mHexMNf.vvwPOvq {
    font-size: 21px;
    font-weight: 700;
    line-height: 30px;
    transform: translateY(0.37428571em);
  }
}
@media only screen and (min-width: 740px) {
  .mHexMNf.vvwPOvq {
    font-size: 22px;
    font-weight: 700;
    line-height: 30px;
    transform: translateY(0.34181818em);
  }
}
@media only screen and (max-width: 739px) {
  .i1lHigf:not(.vvwPOvq) {
    font-size: 21px;
    font-weight: 700;
    line-height: 30px;
  }
}
@media only screen and (min-width: 740px) {
  .i1lHigf:not(.vvwPOvq) {
    font-size: 42px;
    font-weight: 400;
    line-height: 48px;
  }
}
@media only screen and (max-width: 739px) {
  .i1lHigf.vvwPOvq {
    font-size: 21px;
    font-weight: 700;
    line-height: 30px;
    transform: translateY(0.37428571em);
  }
}
@media only screen and (min-width: 740px) {
  .i1lHigf.vvwPOvq {
    font-size: 42px;
    font-weight: 400;
    line-height: 48px;
    transform: translateY(0.23142857em);
  }
}
.rXRLzQI {
  font-weight: 300;
}
.l6n420X {
  padding-bottom: 0;
}
.WolnJfO {
  display: list-item;
  list-style-type: disc;
  margin-left: 30px;
}
.jje98Tb {
  color: #169400;
}
.Q8FP3yU {
  color: #e60278;
}
.KZDm5UB {
  color: #747474;
}
.M5PgWPe {
  background-color: rgba(30, 144, 255, 0.12);
  border-radius: 2px;
  display: inline-block;
  margin: -2px;
  padding: 2px;
}
.PF8NvAk {
  color: #404040;
}
.WC17Pvd {
  background-color: rgba(230, 2, 120, 0.12);
}
.LFIAqoX {
  color: #9556b7;
}
._GXtFBj {
  font-weight: 700;
}
.WqwxeRB {
  font-weight: 400;
}
.G1rDML3 {
  animation-duration: 0.4s;
  animation-name: dsgVSoW;
}
@keyframes dsgVSoW {
  0% {
    transform: scale(0.5);
  }
  65% {
    transform: scale(1.5);
  }
  85% {
    transform: scale(0.8);
  }
  to {
    transform: scale(1);
  }
}
.uHQFAnY {
  display: inline-block;
}
.ktKBuYs {
  fill: currentColor;
  height: 16px;
  width: 16px;
}
.sbsvRc2 {
  height: 29.4px;
  width: 29.4px;
}
@media only screen and (max-width: 739px) {
  .sbsvRc2 {
    height: 14.7px;
    width: 14.7px;
  }
}
.Wqpb6Ex {
  height: 19.6px;
  width: 19.6px;
}
@media only screen and (max-width: 739px) {
  .Wqpb6Ex {
    height: 14.7px;
    width: 14.7px;
  }
}
.u34HyLH {
  height: 12.6px;
  width: 12.6px;
}
@media only screen and (max-width: 739px) {
  .u34HyLH {
    height: 12.6px;
    width: 12.6px;
  }
}
.irtszXf {
  height: 15.4px;
  width: 15.4px;
}
@media only screen and (max-width: 739px) {
  .irtszXf {
    height: 14.7px;
    width: 14.7px;
  }
}
.sSDDmgg {
  height: 12.6px;
  width: 12.6px;
}
@media only screen and (max-width: 739px) {
  .sSDDmgg {
    height: 12.6px;
    width: 12.6px;
  }
}
.oJniROU {
  height: 11.2px;
  width: 11.2px;
}
@media only screen and (max-width: 739px) {
  .oJniROU {
    height: 11.2px;
    width: 11.2px;
  }
}
.ui8iF5z {
  height: 9.8px;
  width: 9.8px;
}
@media only screen and (max-width: 739px) {
  .ui8iF5z {
    height: 9.8px;
    width: 9.8px;
  }
}
.XJ4Er_b {
  height: 12.6px;
  width: 12.6px;
}
@media only screen and (max-width: 739px) {
  .XJ4Er_b {
    height: 12.6px;
    width: 12.6px;
  }
}
,
  "runtime-809e1ad97457d5b9bab0.js": "CONTENTS IGNORED IN SNAPSHOT TEST",
}
`;
