// Vitest Snapshot v1, https://vitest.dev/guide/snapshot.html

exports[`sku codemods > "transform-vite-loadable" codemod > "--dry --print" should not change any files and print the changes to stdout 1`] = `
"path .
Starting worker 1 of 2
Starting worker 2 of 2
[TRANSFORM FILE]: /$cwd/customNameFixture.tsx 
[DIFF]:
===================================================================
--- source
+++ output
@@ -1,3 +1,3 @@
-import customLoadable from 'sku/@loadable/component';
+import { loadable as customLoadable } from 'sku/vite/loadable';
 
 const LoadableComponent = customLoadable(() => import('./MyComponent'));
\\ No newline at end of file

[TRANSFORM FILE]: /$cwd/loadableNameFixture.tsx 
[DIFF]:
===================================================================
--- source
+++ output
@@ -1,3 +1,3 @@
-import loadable from 'sku/@loadable/component';
+import { loadable } from 'sku/vite/loadable';
 
 const LoadableComponent = loadable(() => import('./MyComponent'));
\\ No newline at end of file

Total number of files parsed: 2
Unchanged files: 0
Changed files: 2
"
`;
